16:59:54  INFO      Loading hospital training datasets and held-out test dataset...
16:59:54  INFO      ================================================================
16:59:54  INFO      E11 EXPERIMENTAL CONFIGURATION & DATASET AUDIT PRE-FLIGHT
16:59:54  INFO      ================================================================
16:59:54  INFO        Sigmas to evaluate     : [0.3, 0.5, 0.8, 1.0, 1.5, 2.0]
16:59:54  INFO        Federated rounds       : 20
16:59:54  INFO        Local epochs per round : 3
16:59:54  INFO        Participating clients  : 3
16:59:54  INFO        Batch size             : 8
16:59:54  INFO        Clipping norm (C)      : 2.0
16:59:54  INFO        DP Target delta        : 1e-05
16:59:54  INFO        Learning rate          : 0.0001
16:59:54  INFO        Compute Device         : cuda (CUDA available: True)
16:59:54  INFO        --- Dataset Partition & Overlap Audit ---
16:59:54  INFO          - Hospital 0 Train Samples: 264 (33 batches/epoch, q=0.0303)
16:59:54  INFO          - Hospital 1 Train Samples: 263 (33 batches/epoch, q=0.0304)
16:59:54  INFO          - Hospital 2 Train Samples: 262 (33 batches/epoch, q=0.0305)
16:59:54  INFO          - Pairwise Overlaps       : H0-H1=35, H0-H2=38, H1-H2=39
16:59:54  INFO          - Total Unique Records    : 679
16:59:54  INFO          - Records in 1 Client     : 571 (84.1%)
16:59:54  INFO          - Records in 2 Clients    : 106 (15.6%)
16:59:54  INFO          - Records in 3 Clients    : 2 (0.3%)
16:59:54  INFO          - Test Split Overlap      : 0 (STRICTLY DISJOINT)
16:59:54  INFO        Combined Test Samples  : 107
16:59:54  INFO        Expected DP Steps/Client: 1980
16:59:54  INFO        Privacy Accounting     : Dynamic Overlap-Aware RDP Composition (Worst-Case on 3-Client Records)
16:59:54  INFO        Save Checkpoints       : False
16:59:54  INFO      ================================================================
16:59:54  INFO      ================================================================
16:59:54  INFO      Starting Federated DP-SGD Training for Sigma = 0.30 (Seed: 72)
16:59:54  INFO      ================================================================
/usr/local/lib/python3.12/dist-packages/opacus/privacy_engine.py:142: UserWarning: Secure RNG turned off. This is perfectly fine for experimentation as it allows for much faster training performance, but remember to turn it on and retrain one last time before production with ``secure_mode`` turned on.
  warnings.warn(
/usr/local/lib/python3.12/dist-packages/torch/nn/modules/module.py:1830: FutureWarning: Using a non-full backward hook when the forward contains multiple autograd Nodes is deprecated and will be removed in future versions. This hook will be missing some grad_input. Please use register_full_backward_hook to get the documented behavior.
  self._maybe_warn_non_full_backward_hook(args, result, grad_fn)
17:04:25  INFO        [Round 01/20]  Sigma: 0.30  |  Avg Train Loss: 0.6126
