======================================================================
E9: RETROSPECTIVE BREACH ATTACK EXPERIMENT
Evaluating Post-Expiry Update Recoverability Under Adversarial Scenarios
======================================================================
Target trials per condition: 1000
Total attack attempts:       5000
----------------------------------------------------------------------
[Condition A1] Zeroed/Destroyed-Key Memory Dump Exploit
  -> Result: 0/1000 successes

[Condition A2] Random 256-bit Key Guessing Attacks
  -> Result: 0/1000 successes

[Condition A3] Cross-Round / Wrong-Context Substitution Attacks
  -> Result: 0/1000 successes

[Condition A4] Certificate / Timestamp Tampering Attacks
  -> Result: 0/1000 successes

[Condition A5] Retrospective Plaintext Reconstruction Attacks
  -> Result: 0/1000 successes

======================================================================
E9 ATTACK EXPERIMENT RESULTS SUMMARY
======================================================================
Total Attack Attempts:               5,000
Successful Plaintext Recoveries:     0
Empirical Attack Success Rate:       0.00%
95% Confidence Interval:             [0.00%, 0.30%]
Rule-of-Three 95% Upper Bound:       0.30%
======================================================================
